// Jest Snapshot v1, https://goo.gl/fbAQLP

exports[`Should be ok 1`] = `
Object {
  "test": "OK",
}
`;
